
> fantasy-characters-api@1.0.0 test D:\Projects\fantasy-characters-api
> vitest run "--run"


[1m[46m RUN [49m[22m [36mv3.2.4 [39m[90mD:/Projects/fantasy-characters-api[39m

[33m[39m[32m┬À[39m[33m[39m[32m┬À[39m[33m[39m[32m┬À[39m[33m[39m[32m┬À[39m[33m[39m[32m┬À[39m[33m[39m[32m┬À[39m[33m[39m[32m┬À[39m[33m[39m[32m┬À[39m[33m[39m[32m┬À[39m[33m[39m[32m┬À[39m[33m[39m[31mx[39m[90mstdout[2m | tests/features/auth/auth.controller.test.ts[2m > [22m[2mAuthController[2m > [22m[2mlogoutAll[2m > [22m[2mshould logout from all devices successfully
[22m[39mprisma:error 
Invalid `prisma.refreshToken.updateMany()` invocation in
D:\Projects\fantasy-characters-api\src\features\users\refresh-token.repository.ts:78:35

  75 },
  76 
  77 async revokeAllByUserId(userId) {
ÔåÆ 78     await prisma.refreshToken.updateMany(
Inconsistent column data: Error creating UUID, invalid character: expected an optional prefix of `urn:uuid:` followed by [0-9a-fA-F-], found `u` at 1

[33m[39m[31mx[39m[33m[39m[31mx[39m[33m[39m[31mx[39m[90mstdout[2m | tests/features/auth/auth.controller.test.ts[2m > [22m[2mAuthController[2m > [22m[2mchangePassword[2m > [22m[2mshould change password successfully
[22m[39mprisma:error 
Invalid `prisma.user.findUnique()` invocation in
D:\Projects\fantasy-characters-api\src\features\users\users.repository.ts:122:40

  119 // ===== Repository Implementation =====
  120 export const userRepository = {
  121     async findById(id: string) {
ÔåÆ 122         const user = await prisma.user.findUnique(
Inconsistent column data: Error creating UUID, invalid character: expected an optional prefix of `urn:uuid:` followed by [0-9a-fA-F-], found `u` at 1

[33m[39m[31mx[39m[33m[39m[32m┬À[39m[33m[39m[31mx[39m[33m[39m[32m┬À[39m[33m[39m[32m┬À[39m[33m[39m[32m┬À[39m[33m[39m[32m┬À[39m[33m[39m[32m┬À[39m[33m[39m[32m┬À[39m[90mstdout[2m | tests/features/users/refresh-token.repository.test.ts[2m > [22m[2mrefreshTokenRepository[2m > [22m[2mcreate returns normalized entity
[22m[39mprisma:error 
Invalid `prisma.refreshToken.create()` invocation in
D:\Projects\fantasy-characters-api\src\features\users\refresh-token.repository.ts:17:56

  14 const token =
  15     data.token && data.token.length > 0 ? data.token : randomBytes(32).toString('hex')
  16 
ÔåÆ 17 const refreshToken = await prisma.refreshToken.create(
Foreign key constraint violated on the constraint: `refresh_tokens_userId_fkey`

[33m[39m[31mx[39m[33m[39m[32m┬À[39m[33m[39m[31mx[39m[33m[39m[32m┬À[39m[33m[39m[31mx[39m[33m[39m[31mx[39m[33m[39m[31mx[39m[90mstdout[2m | tests/features/users/refresh-token.repository.test.ts[2m > [22m[2mrefreshTokenRepository[2m > [22m[2mcreate generates random token when input token is empty string
[22m[39mprisma:error 
Invalid `prisma.refreshToken.create()` invocation in
D:\Projects\fantasy-characters-api\src\features\users\refresh-token.repository.ts:17:56

  14 const token =
  15     data.token && data.token.length > 0 ? data.token : randomBytes(32).toString('hex')
  16 
ÔåÆ 17 const refreshToken = await prisma.refreshToken.create(
Foreign key constraint violated on the constraint: `refresh_tokens_userId_fkey`

[90mstdout[2m | tests/features/users/refresh-token.repository.test.ts[2m > [22m[2mrefreshTokenRepository[2m > [22m[2mcreate generates random token when input token is undefined
[22m[39mprisma:error 
Invalid `prisma.refreshToken.create()` invocation in
D:\Projects\fantasy-characters-api\src\features\users\refresh-token.repository.ts:17:56

  14 const token =
  15     data.token && data.token.length > 0 ? data.token : randomBytes(32).toString('hex')
  16 
ÔåÆ 17 const refreshToken = await prisma.refreshToken.create(
Foreign key constraint violated on the constraint: `refresh_tokens_userId_fkey`

[90mstdout[2m | tests/features/users/refresh-token.repository.test.ts[2m > [22m[2mrefreshTokenRepository[2m > [22m[2mcreate returns entity without optional fields when they are null/undefined
[22m[39mprisma:error 
Invalid `prisma.refreshToken.create()` invocation in
D:\Projects\fantasy-characters-api\src\features\users\refresh-token.repository.ts:17:56

  14 const token =
  15     data.token && data.token.length > 0 ? data.token : randomBytes(32).toString('hex')
  16 
ÔåÆ 17 const refreshToken = await prisma.refreshToken.create(
Foreign key constraint violated on the constraint: `refresh_tokens_userId_fkey`

[33m[39m[31mx[39m[33m[39m[31mx[39m[33m[39m[31mx[39m[33m[39m[31mx[39m[33m[39m[31mx[39m[33m[39m[31mx[39m[33m[39m[31mx[39m[33m[39m[32m┬À[39m[33m[39m[32m┬À[39m[33m[39m[32m┬À[39m[33m[39m[32m┬À[39m[33m[39m[32m┬À[39m[33m[39m[32m┬À[39m[33m[39m[32m┬À[39m[33m[39m[32m┬À[39m[33m[39m[32m┬À[39m[33m[39m[32m┬À[39m[33m[39m[32m┬À[39m[33m[39m[32m┬À[39m[33m[39m[32m┬À[39m[33m[39m[32m┬À[39m[33m[39m[32m┬À[39m[33m[39m[32m┬À[39m[33m[39m[32m┬À[39m[33m[39m[32m┬À[39m[33m[39m[32m┬À[39m[33m[39m[32m┬À[39m[33m[39m[32m┬À[39m[33m[39m[32m┬À[39m[33m[39m[32m┬À[39m[33m[39m[32m┬À[39m[33m[39m[32m┬À[39m[33m[39m[32m┬À[39m[33m[39m[32m┬À[39m[33m[39m[32m┬À[39m[33m[39m[32m┬À[39m[33m[39m[32m┬À[39m[33m[39m[32m┬À[39m[33m[39m[32m┬À[39m[33m[39m[32m┬À[39m[33m[39m[32m┬À[39m[33m[39m[32m┬À[39m[33m[39m[32m┬À[39m[33m[39m[32m┬À[39m[33m[39m[32m┬À[39m[33m[39m[32m┬À[39m[33m[39m[32m┬À[39m[33m[39m[32m┬À[39m[33m[39m[32m┬À[39m[33m[39m[32m┬À[39m[33m[39m[32m┬À[39m[33m[39m[32m┬À[39m[33m[39m[32m┬À[39m[33m[39m[32m┬À[39m[33m[39m[32m┬À[39m[33m[39m[32m┬À[39m[33m[39m[32m┬À[39m[33m[39m[32m┬À[39m[33m[39m[32m┬À[39m[33m[39m[32m┬À[39m[33m[39m[32m┬À[39m[33m[39m[32m┬À[39m[33m[39m[32m┬À[39m[33m[39m[32m┬À[39m[33m[39m[32m┬À[39m[33m[39m[32m┬À[39m[33m[39m[32m┬À[39m[33m[39m[32m┬À[39m[33m[39m[32m┬À[39m[33m[39m[32m┬À[39m[33m[39m[32m┬À[39m[33m[39m[32m┬À[39m[33m[39m[32m┬À[39m[33m[39m[32m┬À[39m[33m[39m[32m┬À[39m[33m[39m[32m┬À[39m[33m[39m[32m┬À[39m[33m[39m[32m┬À[39m[33m[39m[32m┬À[39m[33m[39m[32m┬À[39m[33m[39m[32m┬À[39m[33m[39m[32m┬À[39m[33m[39m[32m┬À[39m[33m[39m[32m┬À[39m[33m[39m[32m┬À[39m[33m[39m[32m┬À[39m[33m[39m[32m┬À[39m[33m[39m[32m┬À[39m[33m[39m[32m┬À[39m[33m[39m[32m┬À[39m[33m[39m[32m┬À[39m[33m[39m[32m┬À[39m[33m[39m[32m┬À[39m[90mstdout[2m | tests/features/tags/tags.repository.test.ts[2m > [22m[2mTags Repository Integration Tests[2m > [22m[2mupdate[2m > [22m[2mshould throw NOT_FOUND error for non-existent tag
[22m[39mprisma:error 
Invalid `prisma.tag.update()` invocation in
D:\Projects\fantasy-characters-api\src\features\tags\tags.repository.ts:152:42

  149 
  150 async update(id: string, data: Prisma.TagUpdateInput) {
  151     try {
ÔåÆ 152         const tag = await prisma.tag.update(
An operation failed because it depends on one or more records that were required but not found. No record was found for an update.

[90mstdout[2m | tests/features/tags/tags.repository.test.ts[2m > [22m[2mTags Repository Integration Tests[2m > [22m[2mdelete[2m > [22m[2mshould throw NOT_FOUND error for non-existent tag
[22m[39mprisma:error 
Invalid `prisma.tag.delete()` invocation in
D:\Projects\fantasy-characters-api\src\features\tags\tags.repository.ts:173:30

  170 
  171 async delete(id: string) {
  172     try {
ÔåÆ 173         await prisma.tag.delete(
An operation failed because it depends on one or more records that were required but not found. No record was found for a delete.

[90mstdout[2m | tests/features/tags/tags.repository.test.ts[2m > [22m[2mTags Repository Integration Tests[2m > [22m[2mdelete[2m > [22m[2mshould handle database constraint errors during deletion
[22m[39mprisma:error 
Invalid `prisma.tag.delete()` invocation in
D:\Projects\fantasy-characters-api\src\features\tags\tags.repository.ts:173:30

  170 
  171 async delete(id: string) {
  172     try {
ÔåÆ 173         await prisma.tag.delete(
An operation failed because it depends on one or more records that were required but not found. No record was found for a delete.

[33m[39m[32m┬À[39m[33m[39m[32m┬À[39m[33m[39m[32m┬À[39m[33m[39m[32m┬À[39m[33m[39m[32m┬À[39m[33m[39m[32m┬À[39m[33m[39m[32m┬À[39m[33m[39m[32m┬À[39m[33m[39m[32m┬À[39m[33m[39m[32m┬À[39m[33m[39m[32m┬À[39m[33m[39m[32m┬À[39m[33m[39m[32m┬À[39m[33m[39m[32m┬À[39m[33m[39m[32m┬À[39m[33m[39m[32m┬À[39m[33m[39m[32m┬À[39m[33m[39m[32m┬À[39m[33m[39m[32m┬À[39m[33m[39m[32m┬À[39m[33m[39m[32m┬À[39m[33m[39m[32m┬À[39m[33m[39m[32m┬À[39m[33m[39m[32m┬À[39m[33m[39m[32m┬À[39m[33m[39m[32m┬À[39m[33m[39m[32m┬À[39m[33m[39m[32m┬À[39m[33m[39m[32m┬À[39m[33m[39m[32m┬À[39m[33m[39m[32m┬À[39m[33m[39m[32m┬À[39m[33m[39m[32m┬À[39m[33m[39m[32m┬À[39m[33m[39m[32m┬À[39m[33m[39m[32m┬À[39m[33m[39m[32m┬À[39m[33m[39m[32m┬À[39m[33m[39m[32m┬À[39m[33m[39m[32m┬À[39m[33m[39m[32m┬À[39m[33m[39m[32m┬À[39m[33m[39m[32m┬À[39m[33m[39m[32m┬À[39m[33m[39m[32m┬À[39m[33m[39m[32m┬À[39m[33m[39m[32m┬À[39m[33m[39m[32m┬À[39m[33m[39m[32m┬À[39m[33m[39m[32m┬À[39m[33m[39m[32m┬À[39m[33m[39m[32m┬À[39m[33m[39m[32m┬À[39m[33m[39m[32m┬À[39m[33m[39m[32m┬À[39m[33m[39m[32m┬À[39m[33m[39m[32m┬À[39m[33m[39m[32m┬À[39m[33m[39m[32m┬À[39m[33m[39m[32m┬À[39m[33m[39m[32m┬À[39m[33m[39m[32m┬À[39m[33m[39m[32m┬À[39m[33m[39m[32m┬À[39m[33m[39m[32m┬À[39m[33m[39m[32m┬À[39m[33m[39m[32m┬À[39m[33m[39m[32m┬À[39m[33m[39m[32m┬À[39m[33m[39m[32m┬À[39m[33m[39m[32m┬À[39m[33m[39m[32m┬À[39m[33m[39m[32m┬À[39m[33m[39m[32m┬À[39m[33m[39m[32m┬À[39m[33m[39m[32m┬À[39m[33m[39m[32m┬À[39m[33m[39m[32m┬À[39m[33m[39m[32m┬À[39m[33m[39m[32m┬À[39m[33m[39m[32m┬À[39m[33m[39m[32m┬À[39m[33m[39m[32m┬À[39m[33m[39m[32m┬À[39m[33m[39m[32m┬À[39m[33m[39m[32m┬À[39m[33m[39m[32m┬À[39m[33m[39m[32m┬À[39m[33m[39m[32m┬À[39m[33m[39m[32m┬À[39m[33m[39m[32m┬À[39m[33m[39m[32m┬À[39m[33m[39m[32m┬À[39m[33m[39m[32m┬À[39m[33m[39m[32m┬À[39m[33m[39m[32m┬À[39m[33m[39m[32m┬À[39m[33m[39m[32m┬À[39m[33m[39m[32m┬À[39m[33m[39m[32m┬À[39m[33m[39m[32m┬À[39m[33m[39m[32m┬À[39m[33m[39m[32m┬À[39m[33m[39m[32m┬À[39m[33m[39m[32m┬À[39m[33m[39m[32m┬À[39m[33m[39m[32m┬À[39m[33m[39m[32m┬À[39m[33m[39m[32m┬À[39m[33m[39m[32m┬À[39m[33m[39m[32m┬À[39m[33m[39m[32m┬À[39m[33m[39m[32m┬À[39m[33m[39m[32m┬À[39m[33m[39m[32m┬À[39m[33m[39m[32m┬À[39m[33m[39m[32m┬À[39m[33m[39m[32m┬À[39m[33m[39m[32m┬À[39m[33m[39m[32m┬À[39m[33m[39m[32m┬À[39m[33m[39m[32m┬À[39m[33m[39m[32m┬À[39m[33m[39m[32m┬À[39m[33m[39m[32m┬À[39m[33m[39m[32m┬À[39m[33m[39m[32m┬À[39m[33m[39m[32m┬À[39m[33m[39m[32m┬À[39m[33m[39m[32m┬À[39m[33m[39m[32m┬À[39m[33m[39m[32m┬À[39m[33m[39m[32m┬À[39m[33m[39m[32m┬À[39m[33m[39m[32m┬À[39m[33m[39m[32m┬À[39m[33m[39m[32m┬À[39m[33m[39m[32m┬À[39m[33m[39m[32m┬À[39m[33m[39m[32m┬À[39m[33m[39m[32m┬À[39m[33m[39m[32m┬À[39m[33m[39m[32m┬À[39m[33m[39m[32m┬À[39m[33m[39m[32m┬À[39m[33m[39m[32m┬À[39m[33m[39m[32m┬À[39m[33m[39m[32m┬À[39m[33m[39m[32m┬À[39m[33m[39m[32m┬À[39m[33m[39m[32m┬À[39m[33m[39m[32m┬À[39m[33m[39m[32m┬À[39m[33m[39m[32m┬À[39m[33m[39m[32m┬À[39m[33m[39m[32m┬À[39m[33m[39m[32m┬À[39m[33m[39m[32m┬À[39m[33m[39m[32m┬À[39m[33m[39m[32m┬À[39m[33m[39m[32m┬À[39m[33m[39m[32m┬À[39m[33m[39m[32m┬À[39m[33m[39m[32m┬À[39m[33m[39m[32m┬À[39m[33m[39m[32m┬À[39m[33m[39m[32m┬À[39m[33m[39m[32m┬À[39m[33m[39m[32m┬À[39m[33m[39m[32m┬À[39m[33m[39m[32m┬À[39m[33m[39m[32m┬À[39m[33m[39m[32m┬À[39m[33m[39m[32m┬À[39m[33m[39m[32m┬À[39m[33m[39m[32m┬À[39m[33m[39m[32m┬À[39m[33m[39m[32m┬À[39m[33m[39m[32m┬À[39m[33m[39m[32m┬À[39m[33m[39m[32m┬À[39m[33m[39m[32m┬À[39m[33m[39m[32m┬À[39m[33m[39m[32m┬À[39m[33m[39m[32m┬À[39m[33m[39m[32m┬À[39m[33m[39m[32m┬À[39m[33m[39m[32m┬À[39m[33m[39m[32m┬À[39m[33m[39m[32m┬À[39m[33m[39m[32m┬À[39m[33m[39m[32m┬À[39m[33m[39m[32m┬À[39m[33m[39m[32m┬À[39m[33m[39m[32m┬À[39m[33m[39m[32m┬À[39m[33m[39m[32m┬À[39m[33m[39m[32m┬À[39m[33m[39m[32m┬À[39m[33m[39m[32m┬À[39m[33m[39m[32m┬À[39m[33m[39m[32m┬À[39m[33m[39m[32m┬À[39m[33m[39m[32m┬À[39m[33m[39m[32m┬À[39m[33m[39m[32m┬À[39m[33m[39m[32m┬À[39m[33m[39m[32m┬À[39m[33m[39m[32m┬À[39m[33m[39m[32m┬À[39m[33m[39m[32m┬À[39m[33m[39m[32m┬À[39m[33m[39m[32m┬À[39m[33m[39m[32m┬À[39m[33m[39m[32m┬À[39m[33m[39m[32m┬À[39m[33m[39m[32m┬À[39m[33m[39m[32m┬À[39m[33m[39m[32m┬À[39m[33m[39m[32m┬À[39m[33m[39m[32m┬À[39m[33m[39m[32m┬À[39m[33m[39m[32m┬À[39m[33m[39m[32m┬À[39m[33m[39m[32m┬À[39m[33m[39m[32m┬À[39m[33m[39m[32m┬À[39m[33m[39m[32m┬À[39m[33m[39m[32m┬À[39m[33m[39m[32m┬À[39m[33m[39m[32m┬À[39m[33m[39m[32m┬À[39m[33m[39m[32m┬À[39m[33m[39m[32m┬À[39m[33m[39m[32m┬À[39m[33m[39m[32m┬À[39m[33m[39m[32m┬À[39m[33m[39m[32m┬À[39m[33m[39m[32m┬À[39m[33m[39m[32m┬À[39m[33m[39m[32m┬À[39m[33m[39m[32m┬À[39m[33m[39m[32m┬À[39m[33m[39m[32m┬À[39m[33m[39m[32m┬À[39m[33m[39m[32m┬À[39m[33m[39m[32m┬À[39m[33m[39m[32m┬À[39m[33m[39m[32m┬À[39m[33m[39m[32m┬À[39m[33m[39m[32m┬À[39m[33m[39m[32m┬À[39m[33m[39m[32m┬À[39m[33m[39m[32m┬À[39m[33m[39m[32m┬À[39m[33m[39m[32m┬À[39m[33m[39m[32m┬À[39m[33m[39m[32m┬À[39m[33m[39m[32m┬À[39m[33m[39m[32m┬À[39m[33m[39m[32m┬À[39m[33m[39m[32m┬À[39m[33m[39m[32m┬À[39m[33m[39m[32m┬À[39m[33m[39m[32m┬À[39m[33m[39m[32m┬À[39m[33m[39m[32m┬À[39m[33m[39m[32m┬À[39m[33m[39m[32m┬À[39m[33m[39m[32m┬À[39m[33m[39m[32m┬À[39m[33m[39m[32m┬À[39m[33m[39m[32m┬À[39m[33m[39m[32m┬À[39m[33m[39m[32m┬À[39m[33m[39m[32m┬À[39m[33m[39m[32m┬À[39m[33m[39m[32m┬À[39m[33m[39m[32m┬À[39m[33m[39m[32m┬À[39m[33m[39m[32m┬À[39m[33m[39m[32m┬À[39m[33m[39m[32m┬À[39m[33m[39m[32m┬À[39m[33m[39m[32m┬À[39m[33m[39m[32m┬À[39m[33m[39m[32m┬À[39m[33m[39m[32m┬À[39m[33m[39m[32m┬À[39m[33m[39m[32m┬À[39m[33m[39m[32m┬À[39m[33m[39m[32m┬À[39m[33m[39m[32m┬À[39m[33m[39m[32m┬À[39m[33m[39m[32m┬À[39m[33m[39m[32m┬À[39m[33m[39m[32m┬À[39m[33m[39m[32m┬À[39m[33m[39m[32m┬À[39m[33m[39m[32m┬À[39m[33m[39m[32m┬À[39m[33m[39m[32m┬À[39m[33m[39m[32m┬À[39m[33m[39m[32m┬À[39m[33m[39m[32m┬À[39m[33m[39m[32m┬À[39m[33m[39m[32m┬À[39m[33m[39m[32m┬À[39m[33m[39m[32m┬À[39m[33m[39m[32m┬À[39m[33m[39m[32m┬À[39m[33m[39m[32m┬À[39m[33m[39m[32m┬À[39m[33m[39m[32m┬À[39m[33m[39m[32m┬À[39m[33m[39m[32m┬À[39m[33m[39m[32m┬À[39m[33m[39m[32m┬À[39m[33m[39m[32m┬À[39m[33m[39m[32m┬À[39m[33m[39m[32m┬À[39m[33m[39m[32m┬À[39m[33m[39m[32m┬À[39m[33m[39m[32m┬À[39m[33m[39m[32m┬À[39m[33m[39m[32m┬À[39m[33m[39m[32m┬À[39m[33m[39m[32m┬À[39m[33m[39m[32m┬À[39m[33m[39m[32m┬À[39m[33m[39m[32m┬À[39m[33m[39m[32m┬À[39m[33m[39m[32m┬À[39m[33m[39m[32m┬À[39m[33m[39m[32m┬À[39m[33m[39m[32m┬À[39m[33m[39m[32m┬À[39m[33m[39m[32m┬À[39m[33m[39m[32m┬À[39m[33m[39m[32m┬À[39m[33m[39m[32m┬À[39m[33m[39m[32m┬À[39m[33m[39m[32m┬À[39m[33m[39m[32m┬À[39m[33m[39m[32m┬À[39m[33m[39m[32m┬À[39m[33m[39m[32m┬À[39m[33m[39m[32m┬À[39m[33m[39m[32m┬À[39m[33m[39m[32m┬À[39m[33m[39m[32m┬À[39m[33m[39m[32m┬À[39m[33m[39m[32m┬À[39m[33m[39m[32m┬À[39m[33m[39m[32m┬À[39m[33m[39m[32m┬À[39m[33m[39m[32m┬À[39m[33m[39m[32m┬À[39m[33m[39m[32m┬À[39m[33m[39m[32m┬À[39m[33m[39m[31mx[39m[33m[39m[32m┬À[39m[33m[39m[31mx[39m[33m[39m[32m┬À[39m[33m[39m[32m┬À[39m[33m[39m[31mx[39m[33m[39m[31mx[39m[33m[39m[32m┬À[39m[33m[39m[31mx[39m[33m[39m[32m┬À[39m[33m[39m[32m┬À[39m[33m[39m[32m┬À[39m[33m[39m[32m┬À[39m[33m[39m[32m┬À[39m[33m[39m[32m┬À[39m[33m[39m[32m┬À[39m[33m[39m[32m┬À[39m[33m[39m[32m┬À[39m[33m[39m[32m┬À[39m[33m[39m[32m┬À[39m[33m[39m[32m┬À[39m[33m[39m[32m┬À[39m[33m[39m[32m┬À[39m[33m[39m[32m┬À[39m[33m[39m[32m┬À[39m[33m[39m[32m┬À[39m[33m[39m[32m┬À[39m[33m[39m[32m┬À[39m[33m[39m[32m┬À[39m[33m[39m[32m┬À[39m[33m[39m[32m┬À[39m[33m[39m[32m┬À[39m[33m[39m[32m┬À[39m[33m[39m[32m┬À[39m[33m[39m[32m┬À[39m[33m[39m[32m┬À[39m[33m[39m[32m┬À[39m[33m[39m[32m┬À[39m[33m[39m[32m┬À[39m[33m[39m[32m┬À[39m[33m[39m[32m┬À[39m[33m[39m[32m┬À[39m[33m[39m[32m┬À[39m[33m[39m[32m┬À[39m[33m[39m[32m┬À[39m[33m[39m[32m┬À[39m[33m[39m[32m┬À[39m[33m[39m[32m┬À[39m[33m[39m[32m┬À[39m[33m[39m[32m┬À[39m[33m[39m[32m┬À[39m[33m[39m[32m┬À[39m[33m[39m[32m┬À[39m[33m[39m[32m┬À[39m[33m[39m[32m┬À[39m[33m[39m[32m┬À[39m[33m[39m[32m┬À[39m[33m[39m[32m┬À[39m[33m[39m[32m┬À[39m[90mstdout[2m | tests/features/images/images.repository.unit.test.ts[2m > [22m[2mImages Repository - unit[2m > [22m[2mupdateImageInDb propagates P2025 in in-memory fake (align with prismaFake)
[22m[39mprisma:error 
Invalid `prisma.image.update()` invocation in
D:\Projects\fantasy-characters-api\src\features\images\images.repository.ts:93:35

  90 // Remove ownerId from update data as it's a relation field
  91 // eslint-disable-next-line @typescript-eslint/no-unused-vars
  92 const { ownerId, ...updateData } = data
ÔåÆ 93 return await prisma.image.update(
An operation failed because it depends on one or more records that were required but not found. No record was found for an update.

[90mstdout[2m | tests/features/images/images.repository.unit.test.ts[2m > [22m[2mImages Repository - unit[2m > [22m[2mdeleteImageFromDb propagates P2025 in in-memory fake (align with prismaFake)
[22m[39mprisma:error 
Invalid `prisma.image.delete()` invocation in
D:\Projects\fantasy-characters-api\src\features\images\images.repository.ts:107:28

  104 
  105 export async function deleteImageFromDb(id: string): Promise<boolean> {
  106     try {
ÔåÆ 107         await prisma.image.delete(
An operation failed because it depends on one or more records that were required but not found. No record was found for a delete.

[33m[39m[32m┬À[39m[33m[39m[32m┬À[39m[33m[39m[32m┬À[39m[33m[39m[32m┬À[39m[33m[39m[32m┬À[39m[33m[39m[32m┬À[39m[33m[39m[32m┬À[39m[33m[39m[32m┬À[39m[33m[39m[32m┬À[39m[33m[39m[32m┬À[39m[33m[39m[32m┬À[39m[33m[39m[32m┬À[39m[33m[39m[32m┬À[39m[33m[39m[32m┬À[39m[33m[39m[32m┬À[39m[33m[39m[32m┬À[39m[33m[39m[32m┬À[39m[33m[39m[32m┬À[39m[33m[39m[32m┬À[39m[33m[39m[32m┬À[39m[33m[39m[32m┬À[39m[33m[39m[32m┬À[39m[33m[39m[32m┬À[39m[33m[39m[32m┬À[39m[33m[39m[32m┬À[39m[33m[39m[32m┬À[39m[33m[39m[32m┬À[39m[33m[39m[32m┬À[39m[33m[39m[32m┬À[39m[33m[39m[32m┬À[39m[33m[39m[32m┬À[39m[33m[39m[32m┬À[39m[33m[39m[32m┬À[39m[33m[39m[32m┬À[39m[33m[39m[32m┬À[39m[33m[39m[32m┬À[39m[33m[39m[32m┬À[39m[33m[39m[32m┬À[39m[33m[39m[32m┬À[39m[33m[39m[32m┬À[39m[33m[39m[32m┬À[39m[33m[39m[32m┬À[39m[33m[39m[32m┬À[39m[33m[39m[32m┬À[39m[33m[39m[32m┬À[39m[33m[39m[32m┬À[39m[33m[39m[32m┬À[39m[33m[39m[32m┬À[39m[33m[39m[32m┬À[39m[33m[39m[32m┬À[39m[33m[39m[32m┬À[39m[33m[39m[32m┬À[39m[33m[39m[32m┬À[39m[33m[39m[32m┬À[39m[33m[39m[32m┬À[39m[33m[39m[32m┬À[39m[33m[39m[32m┬À[39m[33m[39m[32m┬À[39m[33m[39m[32m┬À[39m[33m[39m[32m┬À[39m[33m[39m[32m┬À[39m[33m[39m[32m┬À[39m[33m[39m[32m┬À[39m[33m[39m[32m┬À[39m[33m[39m[32m┬À[39m[33m[39m[32m┬À[39m[33m[39m[32m┬À[39m[33m[39m[32m┬À[39m[33m[39m[32m┬À[39m[33m[39m[32m┬À[39m[33m[39m[32m┬À[39m[33m[39m[32m┬À[39m[33m[39m[32m┬À[39m[33m[39m[32m┬À[39m[33m[39m[32m┬À[39m[33m[39m[32m┬À[39m[33m[39m[32m┬À[39m
pnpm : 
In riga:1 car:1
+ pnpm test --run > test-output.txt 2>&1; Get-Content test-output.txt | ...
+ ~~~~~~~~~~~~~~~~~~~~~~~~~~~~~~~~~~~~~~
    + CategoryInfo          : NotSpecified: (:String) [], RemoteException
    + FullyQualifiedErrorId : NativeCommandError
 
[31mÔÄ»ÔÄ»ÔÄ»ÔÄ»ÔÄ»ÔÄ»[39m[1m[41m Failed Tests 23 [49m[22m[31mÔÄ»ÔÄ»ÔÄ»ÔÄ»ÔÄ»ÔÄ»ÔÄ»[39m

[41m[1m FAIL [22m[49m tests/features/auth/auth.controller.test.ts[2m > [22mAuthController[2m > [22mlogin[2m > [22mshould login successfully
[31m[1mAppError[22m: Invalid email or password[39m
[36m [2mÔØ»[22m err src/shared/errors/app.error.ts:[2m54:12[22m[39m
    [90m 52| [39m
    [90m 53| [39mexport function err(code: ErrorCode, message?: string, details?: ErrorÔÇª
    [90m 54| [39m    [35mreturn[39m [35mnew[39m [33mAppError[39m(code[33m,[39m message [33m??[39m code[33m,[39m details)
    [90m   | [39m           [31m^[39m
    [90m 55| [39m}
    [90m 56| [39m
[90m [2mÔØ»[22m Object.login src/features/auth/auth.service.ts:[2m31:19[22m[39m
[90m [2mÔØ»[22m Object.login src/features/auth/v1/auth.controller.ts:[2m18:24[22m[39m
[90m [2mÔØ»[22m tests/features/auth/auth.controller.test.ts:[2m54:13[22m[39m

[31m[2mÔÄ»ÔÄ»ÔÄ»ÔÄ»ÔÄ»ÔÄ»ÔÄ»ÔÄ»ÔÄ»ÔÄ»ÔÄ»ÔÄ»ÔÄ»ÔÄ»ÔÄ»ÔÄ»ÔÄ»ÔÄ»ÔÄ»ÔÄ»ÔÄ»ÔÄ»ÔÄ»[1/23]ÔÄ»[22m[39m

[41m[1m FAIL [22m[49m tests/features/auth/auth.controller.test.ts[2m > [22mAuthController[2m > [22mregister[2m > [22mshould register successfully
[31m[1mAssertionError[22m: expected "spy" to be called with arguments: [ { ÔÇª(3) } ][90m

Number of calls: [1m0[22m
[31m[39m
[36m [2mÔØ»[22m tests/features/auth/auth.controller.test.ts:[2m95:46[22m[39m
    [90m 93| [39m            [35mawait[39m authController[33m.[39m[34mregister[39m(request[33m,[39m reply)
    [90m 94| [39m
    [90m 95| [39m            expect(mockAuthService.register).toHaveBeenCalledWith(regiÔÇª
    [90m   | [39m                                             [31m^[39m
    [90m 96| [39m            [34mexpect[39m(reply[33m.[39mcode)[33m.[39m[34mtoHaveBeenCalledWith[39m([34m201[39m)
    [90m 97| [39m            [34mexpect[39m(reply[33m.[39msend)[33m.[39m[34mtoHaveBeenCalledWith[39m({

[31m[2mÔÄ»ÔÄ»ÔÄ»ÔÄ»ÔÄ»ÔÄ»ÔÄ»ÔÄ»ÔÄ»ÔÄ»ÔÄ»ÔÄ»ÔÄ»ÔÄ»ÔÄ»ÔÄ»ÔÄ»ÔÄ»ÔÄ»ÔÄ»ÔÄ»ÔÄ»ÔÄ»[2/23]ÔÄ»[22m[39m

[41m[1m FAIL [22m[49m tests/features/auth/auth.controller.test.ts[2m > [22mAuthController[2m > [22mrefreshToken[2m > [22mshould refresh tokens 
successfully
[31m[1mAppError[22m: Invalid refresh token[39m
[36m [2mÔØ»[22m err src/shared/errors/app.error.ts:[2m54:12[22m[39m
    [90m 52| [39m
    [90m 53| [39mexport function err(code: ErrorCode, message?: string, details?: ErrorÔÇª
    [90m 54| [39m    [35mreturn[39m [35mnew[39m [33mAppError[39m(code[33m,[39m message [33m??[39m code[33m,[39m details)
    [90m   | [39m           [31m^[39m
    [90m 55| [39m}
    [90m 56| [39m
[90m [2mÔØ»[22m Object.refreshTokens src/features/auth/auth.service.ts:[2m106:19[22m[39m
[90m [2mÔØ»[22m Object.refreshToken src/features/auth/v1/auth.controller.ts:[2m32:24[22m[39m
[90m [2mÔØ»[22m tests/features/auth/auth.controller.test.ts:[2m129:13[22m[39m

[31m[2mÔÄ»ÔÄ»ÔÄ»ÔÄ»ÔÄ»ÔÄ»ÔÄ»ÔÄ»ÔÄ»ÔÄ»ÔÄ»ÔÄ»ÔÄ»ÔÄ»ÔÄ»ÔÄ»ÔÄ»ÔÄ»ÔÄ»ÔÄ»ÔÄ»ÔÄ»ÔÄ»[3/23]ÔÄ»[22m[39m

[41m[1m FAIL [22m[49m tests/features/auth/auth.controller.test.ts[2m > [22mAuthController[2m > [22mlogout[2m > [22mshould logout successfully
[31m[1mAssertionError[22m: expected "spy" to be called with arguments: [ 'token-to-logout' ][90m

Number of calls: [1m0[22m
[31m[39m
[36m [2mÔØ»[22m tests/features/auth/auth.controller.test.ts:[2m164:44[22m[39m
    [90m162| [39m            [35mawait[39m authController[33m.[39m[34mlogout[39m(request[33m,[39m reply)
    [90m163| [39m
    [90m164| [39m            expect(mockAuthService.logout).toHaveBeenCalledWith('tokenÔÇª
    [90m   | [39m                                           [31m^[39m
    [90m165| [39m            [34mexpect[39m(reply[33m.[39mcode)[33m.[39m[34mtoHaveBeenCalledWith[39m([34m200[39m)
    [90m166| [39m            [34mexpect[39m(reply[33m.[39msend)[33m.[39m[34mtoHaveBeenCalledWith[39m({

[31m[2mÔÄ»ÔÄ»ÔÄ»ÔÄ»ÔÄ»ÔÄ»ÔÄ»ÔÄ»ÔÄ»ÔÄ»ÔÄ»ÔÄ»ÔÄ»ÔÄ»ÔÄ»ÔÄ»ÔÄ»ÔÄ»ÔÄ»ÔÄ»ÔÄ»ÔÄ»ÔÄ»[4/23]ÔÄ»[22m[39m

[41m[1m FAIL [22m[49m tests/features/auth/auth.controller.test.ts[2m > [22mAuthController[2m > [22mlogoutAll[2m > [22mshould logout from all devices 
successfully
[31m[1mPrismaClientKnownRequestError[22m: 
Invalid `prisma.refreshToken.updateMany()` invocation in
D:\Projects\fantasy-characters-api\src\features\users\refresh-token.repository.ts:78:35

  75 },
  76 
  77 async revokeAllByUserId(userId) {
ÔåÆ 78     await prisma.refreshToken.updateMany(
Inconsistent column data: Error creating UUID, invalid character: expected an optional prefix of `urn:uuid:` followed by [0-9a-fA-F-], found `u` at 1[39m
[90m [2mÔØ»[22m ei.handleRequestError 
node_modules/.pnpm/@prisma+client@6.15.0_prism_153334a07f3a58480b3e7c0b4dc6701b/node_modules/@prisma/client/src/runtime/RequestHandler.ts:[2m228:13[22m[39m
[90m [2mÔØ»[22m ei.handleAndLogRequestError 
node_modules/.pnpm/@prisma+client@6.15.0_prism_153334a07f3a58480b3e7c0b4dc6701b/node_modules/@prisma/client/src/runtime/RequestHandler.ts:[2m174:12[22m[39m
[90m [2mÔØ»[22m ei.request 
node_modules/.pnpm/@prisma+client@6.15.0_prism_153334a07f3a58480b3e7c0b4dc6701b/node_modules/@prisma/client/src/runtime/RequestHandler.ts:[2m143:12[22m[39m
[90m [2mÔØ»[22m a 
node_modules/.pnpm/@prisma+client@6.15.0_prism_153334a07f3a58480b3e7c0b4dc6701b/node_modules/@prisma/client/src/runtime/getPrismaClient.ts:[2m833:24[22m[39m
[36m [2mÔØ»[22m Object.revokeAllByUserId src/features/users/refresh-token.repository.ts:[2m78:9[22m[39m
    [90m 76| [39m
    [90m 77| [39m    [35masync[39m [34mrevokeAllByUserId[39m(userId) {
    [90m 78| [39m        [35mawait[39m prisma[33m.[39mrefreshToken[33m.[39m[34mupdateMany[39m({
    [90m   | [39m        [31m^[39m
    [90m 79| [39m            where[33m:[39m { userId[33m,[39m isRevoked[33m:[39m [35mfalse[39m }[33m,[39m
    [90m 80| [39m            data[33m:[39m { isRevoked[33m:[39m [35mtrue[39m }[33m,[39m
[90m [2mÔØ»[22m Object.logoutAll src/features/auth/auth.service.ts:[2m176:9[22m[39m
[90m [2mÔØ»[22m Object.logoutAll src/features/auth/v1/auth.controller.ts:[2m49:9[22m[39m
[90m [2mÔØ»[22m tests/features/auth/auth.controller.test.ts:[2m188:13[22m[39m

[31m[2mÔÄ»ÔÄ»ÔÄ»ÔÄ»ÔÄ»ÔÄ»ÔÄ»ÔÄ»ÔÄ»ÔÄ»ÔÄ»ÔÄ»ÔÄ»ÔÄ»ÔÄ»ÔÄ»ÔÄ»ÔÄ»ÔÄ»ÔÄ»ÔÄ»ÔÄ»ÔÄ»[5/23]ÔÄ»[22m[39m

[41m[1m FAIL [22m[49m tests/features/auth/auth.controller.test.ts[2m > [22mAuthController[2m > [22mchangePassword[2m > [22mshould change password 
successfully
[31m[1mPrismaClientKnownRequestError[22m: 
Invalid `prisma.user.findUnique()` invocation in
D:\Projects\fantasy-characters-api\src\features\users\users.repository.ts:122:40

  119 // ===== Repository Implementation =====
  120 export const userRepository = {
  121     async findById(id: string) {
ÔåÆ 122         const user = await prisma.user.findUnique(
Inconsistent column data: Error creating UUID, invalid character: expected an optional prefix of `urn:uuid:` followed by [0-9a-fA-F-], found `u` at 1[39m
[90m [2mÔØ»[22m ei.handleRequestError 
node_modules/.pnpm/@prisma+client@6.15.0_prism_153334a07f3a58480b3e7c0b4dc6701b/node_modules/@prisma/client/src/runtime/RequestHandler.ts:[2m228:13[22m[39m
[90m [2mÔØ»[22m ei.handleAndLogRequestError 
node_modules/.pnpm/@prisma+client@6.15.0_prism_153334a07f3a58480b3e7c0b4dc6701b/node_modules/@prisma/client/src/runtime/RequestHandler.ts:[2m174:12[22m[39m
[90m [2mÔØ»[22m ei.request 
node_modules/.pnpm/@prisma+client@6.15.0_prism_153334a07f3a58480b3e7c0b4dc6701b/node_modules/@prisma/client/src/runtime/RequestHandler.ts:[2m143:12[22m[39m
[90m [2mÔØ»[22m a 
node_modules/.pnpm/@prisma+client@6.15.0_prism_153334a07f3a58480b3e7c0b4dc6701b/node_modules/@prisma/client/src/runtime/getPrismaClient.ts:[2m833:24[22m[39m
[36m [2mÔØ»[22m Object.findById src/features/users/users.repository.ts:[2m122:22[22m[39m
    [90m120| [39m[35mexport[39m [35mconst[39m userRepository [33m=[39m {
    [90m121| [39m    [35masync[39m [34mfindById[39m(id[33m:[39m string) {
    [90m122| [39m        [35mconst[39m user [33m=[39m [35mawait[39m prisma[33m.[39muser[33m.[39m[34mfindUnique[39m({
    [90m   | [39m                     [31m^[39m
    [90m123| [39m            where[33m:[39m { id }[33m,[39m
    [90m124| [39m        })
[90m [2mÔØ»[22m Object.changePassword src/features/users/users.service.ts:[2m234:30[22m[39m
[90m [2mÔØ»[22m Object.changePassword src/features/auth/auth.service.ts:[2m187:9[22m[39m
[90m [2mÔØ»[22m Object.changePassword src/features/auth/v1/auth.controller.ts:[2m64:9[22m[39m
[90m [2mÔØ»[22m tests/features/auth/auth.controller.test.ts:[2m238:13[22m[39m

[31m[2mÔÄ»ÔÄ»ÔÄ»ÔÄ»ÔÄ»ÔÄ»ÔÄ»ÔÄ»ÔÄ»ÔÄ»ÔÄ»ÔÄ»ÔÄ»ÔÄ»ÔÄ»ÔÄ»ÔÄ»ÔÄ»ÔÄ»ÔÄ»ÔÄ»ÔÄ»ÔÄ»[6/23]ÔÄ»[22m[39m

[41m[1m FAIL [22m[49m tests/features/auth/auth.service.test.ts[2m > [22mAuthService[2m > [22mlogin[2m > [22mshould successfully login with valid 
credentials
[31m[1mAppError[22m: Invalid email or password[39m
[36m [2mÔØ»[22m err src/shared/errors/app.error.ts:[2m54:12[22m[39m
    [90m 52| [39m
    [90m 53| [39mexport function err(code: ErrorCode, message?: string, details?: ErrorÔÇª
    [90m 54| [39m    [35mreturn[39m [35mnew[39m [33mAppError[39m(code[33m,[39m message [33m??[39m code[33m,[39m details)
    [90m   | [39m           [31m^[39m
    [90m 55| [39m}
    [90m 56| [39m
[90m [2mÔØ»[22m Object.login src/features/auth/auth.service.ts:[2m31:19[22m[39m
[90m [2mÔØ»[22m tests/features/auth/auth.service.test.ts:[2m99:28[22m[39m

[31m[2mÔÄ»ÔÄ»ÔÄ»ÔÄ»ÔÄ»ÔÄ»ÔÄ»ÔÄ»ÔÄ»ÔÄ»ÔÄ»ÔÄ»ÔÄ»ÔÄ»ÔÄ»ÔÄ»ÔÄ»ÔÄ»ÔÄ»ÔÄ»ÔÄ»ÔÄ»ÔÄ»[7/23]ÔÄ»[22m[39m

[41m[1m FAIL [22m[49m tests/features/auth/auth.service.test.ts[2m > [22mAuthService[2m > [22mlogin[2m > [22mshould throw error when user is not active
[31m[1mAssertionError[22m: expected [Function] to throw error including 'Account is disabled' but got 'Invalid email or password'[39m

Expected: [32m"[7mAccount is disable[27md"[39m
Received: [31m"[7mInvalid email or passwor[27md"[39m

[36m [2mÔØ»[22m tests/features/auth/auth.service.test.ts:[2m140:13[22m[39m
    [90m138| [39m
    [90m139| [39m            [90m// Act & Assert[39m
    [90m140| [39m            await expect(authService.login(credentials)).rejects.toThrÔÇª
    [90m   | [39m            [31m^[39m
    [90m141| [39m        })
    [90m142| [39m

[31m[2mÔÄ»ÔÄ»ÔÄ»ÔÄ»ÔÄ»ÔÄ»ÔÄ»ÔÄ»ÔÄ»ÔÄ»ÔÄ»ÔÄ»ÔÄ»ÔÄ»ÔÄ»ÔÄ»ÔÄ»ÔÄ»ÔÄ»ÔÄ»ÔÄ»ÔÄ»ÔÄ»[8/23]ÔÄ»[22m[39m

[41m[1m FAIL [22m[49m tests/features/auth/auth.service.test.ts[2m > [22mAuthService[2m > [22mlogin[2m > [22mshould throw error when user is banned
[31m[1mAssertionError[22m: expected [Function] to throw error including 'Account is banned' but got 'Invalid email or password'[39m

Expected: [32m"[7mAccount is banne[27md"[39m
Received: [31m"[7mInvalid email or passwor[27md"[39m

[36m [2mÔØ»[22m tests/features/auth/auth.service.test.ts:[2m150:13[22m[39m
    [90m148| [39m
    [90m149| [39m            [90m// Act & Assert[39m
    [90m150| [39m            await expect(authService.login(credentials)).rejects.toThrÔÇª
    [90m   | [39m            [31m^[39m
    [90m151| [39m        })
    [90m152| [39m    })

[31m[2mÔÄ»ÔÄ»ÔÄ»ÔÄ»ÔÄ»ÔÄ»ÔÄ»ÔÄ»ÔÄ»ÔÄ»ÔÄ»ÔÄ»ÔÄ»ÔÄ»ÔÄ»ÔÄ»ÔÄ»ÔÄ»ÔÄ»ÔÄ»ÔÄ»ÔÄ»ÔÄ»[9/23]ÔÄ»[22m[39m

[41m[1m FAIL [22m[49m tests/features/auth/auth.service.test.ts[2m > [22mAuthService[2m > [22mregister[2m > [22mshould throw error when user already 
exists
[31m[1mAssertionError[22m: promise resolved "{ ÔÇª(3) }" instead of rejecting[39m

[32m- Expected[39m
[31m+ Received[39m

[32m- Error {[39m
[32m-   "message": "rejected promise",[39m
[31m+ {[39m
[31m+   "email": "newuser@example.com",[39m
[31m+   "id": "019929ea-2054-7d3f-b340-6e1d1c986c48",[39m
[31m+   "role": "USER",[39m
[2m  }[22m

[36m [2mÔØ»[22m tests/features/auth/auth.service.test.ts:[2m188:60[22m[39m
    [90m186| [39m
    [90m187| [39m            [90m// Act & Assert[39m
    [90m188| [39m            await expect(authService.register(registerData)).rejects.tÔÇª
    [90m   | [39m                                                           [31m^[39m
    [90m189| [39m                [32m'User with this email already exists'[39m
    [90m190| [39m            )

[31m[2mÔÄ»ÔÄ»ÔÄ»ÔÄ»ÔÄ»ÔÄ»ÔÄ»ÔÄ»ÔÄ»ÔÄ»ÔÄ»ÔÄ»ÔÄ»ÔÄ»ÔÄ»ÔÄ»ÔÄ»ÔÄ»ÔÄ»ÔÄ»ÔÄ»ÔÄ»[10/23]ÔÄ»[22m[39m

[41m[1m FAIL [22m[49m tests/features/images/images.integration.test.ts[2m > [22mImage API Integration Tests[2m > [22mshould allow authenticated users to 
access image endpoints
[31m[1mAssertionError[22m: expected 500 to be 200 // Object.is equality[39m

[32m- Expected[39m
[31m+ Received[39m

[32m- 200[39m
[31m+ 500[39m

[36m [2mÔØ»[22m tests/features/images/images.integration.test.ts:[2m53:37[22m[39m
    [90m 51| [39m
    [90m 52| [39m        [90m// Admin should have full access[39m
    [90m 53| [39m        [34mexpect[39m(response[33m.[39mstatusCode)[33m.[39m[34mtoBe[39m([34m200[39m)
    [90m   | [39m                                    [31m^[39m
    [90m 54| [39m    })
    [90m 55| [39m

[31m[2mÔÄ»ÔÄ»ÔÄ»ÔÄ»ÔÄ»ÔÄ»ÔÄ»ÔÄ»ÔÄ»ÔÄ»ÔÄ»ÔÄ»ÔÄ»ÔÄ»ÔÄ»ÔÄ»ÔÄ»ÔÄ»ÔÄ»ÔÄ»ÔÄ»ÔÄ»[11/23]ÔÄ»[22m[39m

[41m[1m FAIL [22m[49m tests/features/users/refresh-token.repository.test.ts[2m > [22mrefreshTokenRepository[2m > [22mcreate returns normalized entity
[31m[1mPrismaClientKnownRequestError[22m: 
Invalid `prisma.refreshToken.create()` invocation in
D:\Projects\fantasy-characters-api\src\features\users\refresh-token.repository.ts:17:56

  14 const token =
  15     data.token && data.token.length > 0 ? data.token : randomBytes(32).toString('hex')
  16 
ÔåÆ 17 const refreshToken = await prisma.refreshToken.create(
Foreign key constraint violated on the constraint: `refresh_tokens_userId_fkey`[39m
[90m [2mÔØ»[22m ei.handleRequestError 
node_modules/.pnpm/@prisma+client@6.15.0_prism_153334a07f3a58480b3e7c0b4dc6701b/node_modules/@prisma/client/src/runtime/RequestHandler.ts:[2m228:13[22m[39m
[90m [2mÔØ»[22m ei.handleAndLogRequestError 
node_modules/.pnpm/@prisma+client@6.15.0_prism_153334a07f3a58480b3e7c0b4dc6701b/node_modules/@prisma/client/src/runtime/RequestHandler.ts:[2m174:12[22m[39m
[90m [2mÔØ»[22m ei.request 
node_modules/.pnpm/@prisma+client@6.15.0_prism_153334a07f3a58480b3e7c0b4dc6701b/node_modules/@prisma/client/src/runtime/RequestHandler.ts:[2m143:12[22m[39m
[90m [2mÔØ»[22m a 
node_modules/.pnpm/@prisma+client@6.15.0_prism_153334a07f3a58480b3e7c0b4dc6701b/node_modules/@prisma/client/src/runtime/getPrismaClient.ts:[2m833:24[22m[39m
[36m [2mÔØ»[22m Object.create src/features/users/refresh-token.repository.ts:[2m17:30[22m[39m
    [90m 15| [39m            data.token && data.token.length > 0 ? data.token : randomBÔÇª
    [90m 16| [39m
    [90m 17| [39m        [35mconst[39m refreshToken [33m=[39m [35mawait[39m prisma[33m.[39mrefreshToken[33m.[39m[34mcreate[39m({
    [90m   | [39m                             [31m^[39m
    [90m 18| [39m            data[33m:[39m {
    [90m 19| [39m                id[33m:[39m [34mgenerateUUIDv7[39m()[33m,[39m
[90m [2mÔØ»[22m tests/features/users/refresh-token.repository.test.ts:[2m54:24[22m[39m

[31m[2mÔÄ»ÔÄ»ÔÄ»ÔÄ»ÔÄ»ÔÄ»ÔÄ»ÔÄ»ÔÄ»ÔÄ»ÔÄ»ÔÄ»ÔÄ»ÔÄ»ÔÄ»ÔÄ»ÔÄ»ÔÄ»ÔÄ»ÔÄ»ÔÄ»ÔÄ»[12/23]ÔÄ»[22m[39m

[41m[1m FAIL [22m[49m tests/features/users/refresh-token.repository.test.ts[2m > [22mrefreshTokenRepository[2m > [22mfindByToken returns normalized 
entity when found
[31m[1mAssertionError[22m: expected undefined to be '2025-01-10T00:00:00.000Z' // Object.is equality[39m

[32m- Expected:[39m 
"2025-01-10T00:00:00.000Z"

[31m+ Received:[39m 
undefined

[36m [2mÔØ»[22m tests/features/users/refresh-token.repository.test.ts:[2m96:34[22m[39m
    [90m 94| [39m        })
    [90m 95| [39m        [35mconst[39m found [33m=[39m [35mawait[39m refreshTokenRepository[33m.[39m[34mfindByToken[39m([32m'tkn'[39m)
    [90m 96| [39m        [34mexpect[39m(found[33m?.[39mexpiresAt)[33m.[39m[34mtoBe[39m([32m'2025-01-10T00:00:00.000Z'[39m)
    [90m   | [39m                                 [31m^[39m
    [90m 97| [39m        [34mexpect[39m(found[33m?.[39mcreatedAt)[33m.[39m[34mtoBe[39m([32m'2025-01-01T00:00:00.000Z'[39m)
    [90m 98| [39m        [34mexpect[39m(found[33m?.[39mupdatedAt)[33m.[39m[34mtoBe[39m([32m'2025-01-01T00:00:00.000Z'[39m)

[31m[2mÔÄ»ÔÄ»ÔÄ»ÔÄ»ÔÄ»ÔÄ»ÔÄ»ÔÄ»ÔÄ»ÔÄ»ÔÄ»ÔÄ»ÔÄ»ÔÄ»ÔÄ»ÔÄ»ÔÄ»ÔÄ»ÔÄ»ÔÄ»ÔÄ»ÔÄ»[13/23]ÔÄ»[22m[39m

[41m[1m FAIL [22m[49m tests/features/users/refresh-token.repository.test.ts[2m > [22mrefreshTokenRepository[2m > [22mrevokeByToken resolves when items 
updated
[31m[1mAssertionError[22m: promise rejected "AppError: Refresh token not found { ÔÇª(3) }" instead of resolving[39m
[36m [2mÔØ»[22m tests/features/users/refresh-token.repository.test.ts:[2m112:64[22m[39m
    [90m110| [39m        [35mconst[39m rt [33m=[39m (prismaServiceModule [35mas[39m any)[33m.[39m[35mdefault[39m[33m.[39mrefreshToken
    [90m111| [39m        rt[33m.[39mupdateMany[33m.[39m[34mmockResolvedValue[39m({ count[33m:[39m [34m2[39m })
    [90m112| [39m        await expect(refreshTokenRepository.revokeByToken('ok')).resolÔÇª
    [90m   | [39m                                                               [31m^[39m
    [90m113| [39m    })
    [90m114| [39m

[31m[1mCaused by: AppError[22m: Refresh token not found[39m
[36m [2mÔØ»[22m err src/shared/errors/app.error.ts:[2m54:12[22m[39m
[90m [2mÔØ»[22m Object.revokeByToken src/features/users/refresh-token.repository.ts:[2m73:19[22m[39m
[90m [2mÔØ»[22m tests/features/users/refresh-token.repository.test.ts:[2m112:9[22m[39m

[31m[2mÔÄ»ÔÄ»ÔÄ»ÔÄ»ÔÄ»ÔÄ»ÔÄ»ÔÄ»ÔÄ»ÔÄ»ÔÄ»ÔÄ»ÔÄ»ÔÄ»ÔÄ»ÔÄ»ÔÄ»ÔÄ»ÔÄ»ÔÄ»ÔÄ»ÔÄ»ÔÄ»ÔÄ»ÔÄ»ÔÄ»ÔÄ»ÔÄ»ÔÄ»ÔÄ»[22m[39m
[31m[1mSerialized Error:[22m[39m [90m{ code: 'RESOURCE_NOT_FOUND', status: 404, details: undefined }[39m
[31m[2mÔÄ»ÔÄ»ÔÄ»ÔÄ»ÔÄ»ÔÄ»ÔÄ»ÔÄ»ÔÄ»ÔÄ»ÔÄ»ÔÄ»ÔÄ»ÔÄ»ÔÄ»ÔÄ»ÔÄ»ÔÄ»ÔÄ»ÔÄ»ÔÄ»ÔÄ»[14/23]ÔÄ»[22m[39m

[41m[1m FAIL [22m[49m tests/features/users/refresh-token.repository.test.ts[2m > [22mrefreshTokenRepository[2m > [22mdeleteExpired returns deleted count
[31m[1mAssertionError[22m: expected +0 to be 3 // Object.is equality[39m

[32m- Expected[39m
[31m+ Received[39m

[32m- 3[39m
[31m+ 0[39m

[36m [2mÔØ»[22m tests/features/users/refresh-token.repository.test.ts:[2m119:23[22m[39m
    [90m117| [39m        rt[33m.[39mdeleteMany[33m.[39m[34mmockResolvedValue[39m({ count[33m:[39m [34m3[39m })
    [90m118| [39m        [35mconst[39m count [33m=[39m [35mawait[39m refreshTokenRepository[33m.[39m[34mdeleteExpired[39m()
    [90m119| [39m        [34mexpect[39m(count)[33m.[39m[34mtoBe[39m([34m3[39m)
    [90m   | [39m                      [31m^[39m
    [90m120| [39m    })
    [90m121| [39m

[31m[2mÔÄ»ÔÄ»ÔÄ»ÔÄ»ÔÄ»ÔÄ»ÔÄ»ÔÄ»ÔÄ»ÔÄ»ÔÄ»ÔÄ»ÔÄ»ÔÄ»ÔÄ»ÔÄ»ÔÄ»ÔÄ»ÔÄ»ÔÄ»ÔÄ»ÔÄ»[15/23]ÔÄ»[22m[39m

[41m[1m FAIL [22m[49m tests/features/users/refresh-token.repository.test.ts[2m > [22mrefreshTokenRepository[2m > [22mfindActiveByUserId maps and 
normalizes fields
[31m[1mAssertionError[22m: expected [] to deeply equal [ { id: 'a', token: 't1', ÔÇª(5) } ][39m

[32m- Expected[39m
[31m+ Received[39m

[32m- [[39m
[32m-   {[39m
[32m-     "createdAt": "2025-01-01T00:00:00.000Z",[39m
[32m-     "expiresAt": "2025-02-01T00:00:00.000Z",[39m
[32m-     "id": "a",[39m
[32m-     "isRevoked": false,[39m
[32m-     "token": "t1",[39m
[32m-     "updatedAt": "2025-01-02T00:00:00.000Z",[39m
[32m-     "userId": "11111111-1111-4111-8111-111111111111",[39m
[32m-   },[39m
[32m- ][39m
[31m+ [][39m

[36m [2mÔØ»[22m tests/features/users/refresh-token.repository.test.ts:[2m140:23[22m[39m
    [90m138| [39m
    [90m139| [39m        const items = await refreshTokenRepository.findActiveByUserId(ÔÇª
    [90m140| [39m        [34mexpect[39m(items)[33m.[39m[34mtoEqual[39m([
    [90m   | [39m                      [31m^[39m
    [90m141| [39m            {
    [90m142| [39m                id[33m:[39m [32m'a'[39m[33m,[39m

[31m[2mÔÄ»ÔÄ»ÔÄ»ÔÄ»ÔÄ»ÔÄ»ÔÄ»ÔÄ»ÔÄ»ÔÄ»ÔÄ»ÔÄ»ÔÄ»ÔÄ»ÔÄ»ÔÄ»ÔÄ»ÔÄ»ÔÄ»ÔÄ»ÔÄ»ÔÄ»[16/23]ÔÄ»[22m[39m

[41m[1m FAIL [22m[49m tests/features/users/refresh-token.repository.test.ts[2m > [22mrefreshTokenRepository[2m > [22mcreate generates random token when 
input token is empty string
[31m[1mPrismaClientKnownRequestError[22m: 
Invalid `prisma.refreshToken.create()` invocation in
D:\Projects\fantasy-characters-api\src\features\users\refresh-token.repository.ts:17:56

  14 const token =
  15     data.token && data.token.length > 0 ? data.token : randomBytes(32).toString('hex')
  16 
ÔåÆ 17 const refreshToken = await prisma.refreshToken.create(
Foreign key constraint violated on the constraint: `refresh_tokens_userId_fkey`[39m
[90m [2mÔØ»[22m ei.handleRequestError 
node_modules/.pnpm/@prisma+client@6.15.0_prism_153334a07f3a58480b3e7c0b4dc6701b/node_modules/@prisma/client/src/runtime/RequestHandler.ts:[2m228:13[22m[39m
[90m [2mÔØ»[22m ei.handleAndLogRequestError 
node_modules/.pnpm/@prisma+client@6.15.0_prism_153334a07f3a58480b3e7c0b4dc6701b/node_modules/@prisma/client/src/runtime/RequestHandler.ts:[2m174:12[22m[39m
[90m [2mÔØ»[22m ei.request 
node_modules/.pnpm/@prisma+client@6.15.0_prism_153334a07f3a58480b3e7c0b4dc6701b/node_modules/@prisma/client/src/runtime/RequestHandler.ts:[2m143:12[22m[39m
[90m [2mÔØ»[22m a 
node_modules/.pnpm/@prisma+client@6.15.0_prism_153334a07f3a58480b3e7c0b4dc6701b/node_modules/@prisma/client/src/runtime/getPrismaClient.ts:[2m833:24[22m[39m
[36m [2mÔØ»[22m Object.create src/features/users/refresh-token.repository.ts:[2m17:30[22m[39m
    [90m 15| [39m            data.token && data.token.length > 0 ? data.token : randomBÔÇª
    [90m 16| [39m
    [90m 17| [39m        [35mconst[39m refreshToken [33m=[39m [35mawait[39m prisma[33m.[39mrefreshToken[33m.[39m[34mcreate[39m({
    [90m   | [39m                             [31m^[39m
    [90m 18| [39m            data[33m:[39m {
    [90m 19| [39m                id[33m:[39m [34mgenerateUUIDv7[39m()[33m,[39m
[90m [2mÔØ»[22m tests/features/users/refresh-token.repository.test.ts:[2m167:9[22m[39m

[31m[2mÔÄ»ÔÄ»ÔÄ»ÔÄ»ÔÄ»ÔÄ»ÔÄ»ÔÄ»ÔÄ»ÔÄ»ÔÄ»ÔÄ»ÔÄ»ÔÄ»ÔÄ»ÔÄ»ÔÄ»ÔÄ»ÔÄ»ÔÄ»ÔÄ»ÔÄ»[17/23]ÔÄ»[22m[39m

[41m[1m FAIL [22m[49m tests/features/users/refresh-token.repository.test.ts[2m > [22mrefreshTokenRepository[2m > [22mcreate generates random token when 
input token is undefined
[31m[1mPrismaClientKnownRequestError[22m: 
Invalid `prisma.refreshToken.create()` invocation in
D:\Projects\fantasy-characters-api\src\features\users\refresh-token.repository.ts:17:56

  14 const token =
  15     data.token && data.token.length > 0 ? data.token : randomBytes(32).toString('hex')
  16 
ÔåÆ 17 const refreshToken = await prisma.refreshToken.create(
Foreign key constraint violated on the constraint: `refresh_tokens_userId_fkey`[39m
[90m [2mÔØ»[22m ei.handleRequestError 
node_modules/.pnpm/@prisma+client@6.15.0_prism_153334a07f3a58480b3e7c0b4dc6701b/node_modules/@prisma/client/src/runtime/RequestHandler.ts:[2m228:13[22m[39m
[90m [2mÔØ»[22m ei.handleAndLogRequestError 
node_modules/.pnpm/@prisma+client@6.15.0_prism_153334a07f3a58480b3e7c0b4dc6701b/node_modules/@prisma/client/src/runtime/RequestHandler.ts:[2m174:12[22m[39m
[90m [2mÔØ»[22m ei.request 
node_modules/.pnpm/@prisma+client@6.15.0_prism_153334a07f3a58480b3e7c0b4dc6701b/node_modules/@prisma/client/src/runtime/RequestHandler.ts:[2m143:12[22m[39m
[90m [2mÔØ»[22m a 
node_modules/.pnpm/@prisma+client@6.15.0_prism_153334a07f3a58480b3e7c0b4dc6701b/node_modules/@prisma/client/src/runtime/getPrismaClient.ts:[2m833:24[22m[39m
[36m [2mÔØ»[22m Object.create src/features/users/refresh-token.repository.ts:[2m17:30[22m[39m
    [90m 15| [39m            data.token && data.token.length > 0 ? data.token : randomBÔÇª
    [90m 16| [39m
    [90m 17| [39m        [35mconst[39m refreshToken [33m=[39m [35mawait[39m prisma[33m.[39mrefreshToken[33m.[39m[34mcreate[39m({
    [90m   | [39m                             [31m^[39m
    [90m 18| [39m            data[33m:[39m {
    [90m 19| [39m                id[33m:[39m [34mgenerateUUIDv7[39m()[33m,[39m
[90m [2mÔØ»[22m tests/features/users/refresh-token.repository.test.ts:[2m200:9[22m[39m

[31m[2mÔÄ»ÔÄ»ÔÄ»ÔÄ»ÔÄ»ÔÄ»ÔÄ»ÔÄ»ÔÄ»ÔÄ»ÔÄ»ÔÄ»ÔÄ»ÔÄ»ÔÄ»ÔÄ»ÔÄ»ÔÄ»ÔÄ»ÔÄ»ÔÄ»ÔÄ»[18/23]ÔÄ»[22m[39m

[41m[1m FAIL [22m[49m tests/features/users/refresh-token.repository.test.ts[2m > [22mrefreshTokenRepository[2m > [22mcreate returns entity without 
optional fields when they are null/undefined
[31m[1mPrismaClientKnownRequestError[22m: 
Invalid `prisma.refreshToken.create()` invocation in
D:\Projects\fantasy-characters-api\src\features\users\refresh-token.repository.ts:17:56

  14 const token =
  15     data.token && data.token.length > 0 ? data.token : randomBytes(32).toString('hex')
  16 
ÔåÆ 17 const refreshToken = await prisma.refreshToken.create(
Foreign key constraint violated on the constraint: `refresh_tokens_userId_fkey`[39m
[90m [2mÔØ»[22m ei.handleRequestError 
node_modules/.pnpm/@prisma+client@6.15.0_prism_153334a07f3a58480b3e7c0b4dc6701b/node_modules/@prisma/client/src/runtime/RequestHandler.ts:[2m228:13[22m[39m
[90m [2mÔØ»[22m ei.handleAndLogRequestError 
node_modules/.pnpm/@prisma+client@6.15.0_prism_153334a07f3a58480b3e7c0b4dc6701b/node_modules/@prisma/client/src/runtime/RequestHandler.ts:[2m174:12[22m[39m
[90m [2mÔØ»[22m ei.request 
node_modules/.pnpm/@prisma+client@6.15.0_prism_153334a07f3a58480b3e7c0b4dc6701b/node_modules/@prisma/client/src/runtime/RequestHandler.ts:[2m143:12[22m[39m
[90m [2mÔØ»[22m a 
node_modules/.pnpm/@prisma+client@6.15.0_prism_153334a07f3a58480b3e7c0b4dc6701b/node_modules/@prisma/client/src/runtime/getPrismaClient.ts:[2m833:24[22m[39m
[36m [2mÔØ»[22m Object.create src/features/users/refresh-token.repository.ts:[2m17:30[22m[39m
    [90m 15| [39m            data.token && data.token.length > 0 ? data.token : randomBÔÇª
    [90m 16| [39m
    [90m 17| [39m        [35mconst[39m refreshToken [33m=[39m [35mawait[39m prisma[33m.[39mrefreshToken[33m.[39m[34mcreate[39m({
    [90m   | [39m                             [31m^[39m
    [90m 18| [39m            data[33m:[39m {
    [90m 19| [39m                id[33m:[39m [34mgenerateUUIDv7[39m()[33m,[39m
[90m [2mÔØ»[22m tests/features/users/refresh-token.repository.test.ts:[2m236:25[22m[39m

[31m[2mÔÄ»ÔÄ»ÔÄ»ÔÄ»ÔÄ»ÔÄ»ÔÄ»ÔÄ»ÔÄ»ÔÄ»ÔÄ»ÔÄ»ÔÄ»ÔÄ»ÔÄ»ÔÄ»ÔÄ»ÔÄ»ÔÄ»ÔÄ»ÔÄ»ÔÄ»[19/23]ÔÄ»[22m[39m

[2m Test Files [22m [1m[31m5 failed[39m[22m[2m | [22m[1m[32m61 passed[39m[22m[90m (66)[39m
[2m      Tests [22m [1m[31m23 failed[39m[22m[2m | [22m[1m[32m596 passed[39m[22m[90m (619)[39m
[2m   Start at [22m 17:20:15
[2m   Duration [22m 20.04s[2m (transform 506ms, setup 242ms, collect 1.04s, tests 18.45s, environment 0ms, prepare 66ms)[22m


[41m[1m FAIL [22m[49m tests/features/users/refresh-token.repository.test.ts[2m > [22mrefreshTokenRepository[2m > [22mfindByToken returns entity without 
optional fields when they are null/undefined
[31m[1mAssertionError[22m: expected null to deeply equal { id: 'id', token: 'tkn', ÔÇª(5) }[39m

[32m- Expected:[39m 
{
  "createdAt": "2025-01-01T00:00:00.000Z",
  "expiresAt": "2025-01-10T00:00:00.000Z",
  "id": "id",
  "isRevoked": false,
  "token": "tkn",
  "updatedAt": "2025-01-01T00:00:00.000Z",
  "userId": "11111111-1111-4111-8111-111111111111",
}

[31m+ Received:[39m 
null

[36m [2mÔØ»[22m tests/features/users/refresh-token.repository.test.ts:[2m274:23[22m[39m
    [90m272| [39m        [35mconst[39m found [33m=[39m [35mawait[39m refreshTokenRepository[33m.[39m[34mfindByToken[39m([32m'tkn'[39m)
    [90m273| [39m
    [90m274| [39m        [34mexpect[39m(found)[33m.[39m[34mtoEqual[39m({
    [90m   | [39m                      [31m^[39m
    [90m275| [39m            id[33m:[39m [32m'id'[39m[33m,[39m
    [90m276| [39m            token[33m:[39m [32m'tkn'[39m[33m,[39m

[31m[2mÔÄ»ÔÄ»ÔÄ»ÔÄ»ÔÄ»ÔÄ»ÔÄ»ÔÄ»ÔÄ»ÔÄ»ÔÄ»ÔÄ»ÔÄ»ÔÄ»ÔÄ»ÔÄ»ÔÄ»ÔÄ»ÔÄ»ÔÄ»ÔÄ»ÔÄ»[20/23]ÔÄ»[22m[39m

[41m[1m FAIL [22m[49m tests/features/users/refresh-token.repository.test.ts[2m > [22mrefreshTokenRepository[2m > [22mrevokeAllByUserId completes 
successfully
[31m[1mAssertionError[22m: expected "spy" to be called with arguments: [ { where: { ÔÇª(2) }, data: { ÔÇª(1) } } ][90m

Number of calls: [1m0[22m
[31m[39m
[36m [2mÔØ»[22m tests/features/users/refresh-token.repository.test.ts:[2m294:31[22m[39m
    [90m292| [39m        await expect(refreshTokenRepository.revokeAllByUserId(USER_1_IÔÇª
    [90m293| [39m
    [90m294| [39m        [34mexpect[39m(rt[33m.[39mupdateMany)[33m.[39m[34mtoHaveBeenCalledWith[39m({
    [90m   | [39m                              [31m^[39m
    [90m295| [39m            where[33m:[39m { userId[33m:[39m [33mUSER_1_ID[39m[33m,[39m isRevoked[33m:[39m [35mfalse[39m }[33m,[39m
    [90m296| [39m            data[33m:[39m { isRevoked[33m:[39m [35mtrue[39m }[33m,[39m

[31m[2mÔÄ»ÔÄ»ÔÄ»ÔÄ»ÔÄ»ÔÄ»ÔÄ»ÔÄ»ÔÄ»ÔÄ»ÔÄ»ÔÄ»ÔÄ»ÔÄ»ÔÄ»ÔÄ»ÔÄ»ÔÄ»ÔÄ»ÔÄ»ÔÄ»ÔÄ»[21/23]ÔÄ»[22m[39m

[41m[1m FAIL [22m[49m tests/features/users/refresh-token.repository.test.ts[2m > [22mrefreshTokenRepository[2m > [22mfindActiveByUserId includes 
optional fields when present
[31m[1mAssertionError[22m: expected [] to deeply equal [ { id: 'token1', ÔÇª(9) }, ÔÇª(1) ][39m

[32m- Expected[39m
[31m+ Received[39m

[32m- [[39m
[32m-   {[39m
[32m-     "createdAt": "2025-01-01T12:00:00.000Z",[39m
[32m-     "deviceInfo": "iPhone 15 Pro",[39m
[32m-     "expiresAt": "2025-12-31T23:59:59.000Z",[39m
[32m-     "id": "token1",[39m
[32m-     "ipAddress": "192.168.1.100",[39m
[32m-     "isRevoked": false,[39m
[32m-     "token": "token-value-1",[39m
[32m-     "updatedAt": "2025-01-15T12:00:00.000Z",[39m
[32m-     "userAgent": "Mozilla/5.0 Safari/537.36",[39m
[32m-     "userId": "11111111-1111-4111-8111-111111111111",[39m
[32m-   },[39m
[32m-   {[39m
[32m-     "createdAt": "2025-01-02T12:00:00.000Z",[39m
[32m-     "expiresAt": "2025-11-30T23:59:59.000Z",[39m
[32m-     "id": "token2",[39m
[32m-     "isRevoked": false,[39m
[32m-     "token": "token-value-2",[39m
[32m-     "updatedAt": "2025-01-16T12:00:00.000Z",[39m
[32m-     "userAgent": "Chrome/91.0.4472.124",[39m
[32m-     "userId": "11111111-1111-4111-8111-111111111111",[39m
[32m-   },[39m
[32m- ][39m
[31m+ [][39m

[36m [2mÔØ»[22m tests/features/users/refresh-token.repository.test.ts:[2m331:24[22m[39m
    [90m329| [39m        const tokens = await refreshTokenRepository.findActiveByUserIdÔÇª
    [90m330| [39m
    [90m331| [39m        [34mexpect[39m(tokens)[33m.[39m[34mtoEqual[39m([
    [90m   | [39m                       [31m^[39m
    [90m332| [39m            {
    [90m333| [39m                id[33m:[39m [32m'token1'[39m[33m,[39m

[31m[2mÔÄ»ÔÄ»ÔÄ»ÔÄ»ÔÄ»ÔÄ»ÔÄ»ÔÄ»ÔÄ»ÔÄ»ÔÄ»ÔÄ»ÔÄ»ÔÄ»ÔÄ»ÔÄ»ÔÄ»ÔÄ»ÔÄ»ÔÄ»ÔÄ»ÔÄ»[22/23]ÔÄ»[22m[39m

[41m[1m FAIL [22m[49m tests/features/users/users.repository.unit.test.ts[2m > [22musers.repository unit[2m > [22mfindMany applies filters and pagination
[31m[1mAssertionError[22m: expected 1 to be 2 // Object.is equality[39m

[32m- Expected[39m
[31m+ Received[39m

[32m- 2[39m
[31m+ 1[39m

[36m [2mÔØ»[22m tests/features/users/users.repository.unit.test.ts:[2m48:34[22m[39m
    [90m 46| [39m        [90m// Filter by isActive[39m
    [90m 47| [39m        let res = await userRepository.findMany({ isActive: true, limiÔÇª
    [90m 48| [39m        [34mexpect[39m(res[33m.[39musers[33m.[39mlength)[33m.[39m[34mtoBe[39m([34m2[39m)
    [90m   | [39m                                 [31m^[39m
    [90m 49| [39m        [34mexpect[39m(res[33m.[39mhasNext)[33m.[39m[34mtoBe[39m([35mtrue[39m)
    [90m 50| [39m        expect(typeof res.nextCursor === 'string' || res.nextCursor ==ÔÇª

[31m[2mÔÄ»ÔÄ»ÔÄ»ÔÄ»ÔÄ»ÔÄ»ÔÄ»ÔÄ»ÔÄ»ÔÄ»ÔÄ»ÔÄ»ÔÄ»ÔÄ»ÔÄ»ÔÄ»ÔÄ»ÔÄ»ÔÄ»ÔÄ»ÔÄ»ÔÄ»[23/23]ÔÄ»[22m[39m

ÔÇëELIFECYCLEÔÇë Test failed. See above for more details.
